
   FAIL  Tests\Feature\Auth\OtpFirstTest
  Ô£ô student loÔÇª 1.52s  
  Ô£ô staff logiÔÇª 0.13s  
  Ô¿» student acÔÇª 0.32s  
  Ô£ô staff accoÔÇª 0.09s  
  ÔöÇÔöÇÔöÇÔöÇÔöÇÔöÇÔöÇÔöÇÔöÇÔöÇÔöÇÔöÇÔöÇÔöÇÔöÇÔöÇÔöÇÔöÇÔöÇ  
   FAILED  Tests\FeÔÇª   
  Failed asserting that two strings are equal.
--- Expected
+++ Actual
@@ @@
-'http://localhost:9000/dashboard'
+'http://localhost:9000'

  at tests\Feature\Auth\OtpFirstTest.php:80
     76Ôûò         $response = $this->post('/switch-account', [
     77Ôûò             'email' => 'student@example.com',
     78Ôûò         ]);
     79Ôûò 
  Ô×£  80Ôûò         $response->assertRedirect(route('dashboard'));
     81Ôûò         $this->assertEquals($user2->id, Auth::id());
     82Ôûò         $this->assertTrue(session('auth.two_factor_verified'));
     83Ôûò     }
     84Ôûò


  Tests:    1 failed, 3 passed (23 assertions)
  Duration: 2.82s

